// Jest Snapshot v1, https://goo.gl/fbAQLP

exports[`renders correctly 1`] = `
<View
  style={
    Array [
      Object {
        "flexDirection": "row",
        "justifyContent": "flex-start",
      },
      Object {
        "borderBottomWidth": 1,
      },
      Object {
        "borderColor": "#53565A",
      },
      undefined,
    ]
  }
>
  <RCTScrollView
    contentContainerStyle={
      Array [
        Object {
          "marginHorizontal": 8,
        },
        Object {
          "paddingRight": 16,
        },
      ]
    }
    horizontal={true}
    showsHorizontalScrollIndicator={false}
  >
    <View>
      <View
        onPress={[Function]}
        style={
          Array [
            Array [
              Object {
                "paddingVertical": 8,
              },
              Object {
                "marginHorizontal": 12,
              },
              Object {
                "borderBottomWidth": 5,
              },
            ],
            undefined,
            Object {
              "borderColor": "transparent",
            },
          ]
        }
      >
        <Text
          style={
            Array [
              Object {
                "color": "#b9bbc0",
              },
              Object {
                "fontFamily": "Roboto-Medium",
              },
              Object {
                "fontSize": 16,
                "lineHeight": 24,
              },
              Object {
                "textAlign": "left",
              },
            ]
          }
        >
          Tokens
        </Text>
        <View
          style={
            Object {
              "marginVertical": 1,
            }
          }
        >
          <Text
            style={
              Array [
                Object {
                  "color": "#F2F2F2",
                },
                Object {
                  "fontFamily": "Roboto",
                },
                Object {
                  "fontSize": 14,
                  "lineHeight": 20,
                },
                Object {
                  "textAlign": "left",
                },
              ]
            }
          >
            711
          </Text>
        </View>
      </View>
      <View
        onPress={[Function]}
        style={
          Array [
            Array [
              Object {
                "paddingVertical": 8,
              },
              Object {
                "marginHorizontal": 12,
              },
              Object {
                "borderBottomWidth": 5,
              },
            ],
            undefined,
            Object {
              "borderColor": "transparent",
            },
          ]
        }
      >
        <Text
          style={
            Array [
              Object {
                "color": "#b9bbc0",
              },
              Object {
                "fontFamily": "Roboto-Medium",
              },
              Object {
                "fontSize": 16,
                "lineHeight": 24,
              },
              Object {
                "textAlign": "left",
              },
            ]
          }
        >
          USD
        </Text>
        <View
          style={
            Object {
              "marginVertical": 1,
            }
          }
        >
          <Text
            style={
              Array [
                Object {
                  "color": "#F2F2F2",
                },
                Object {
                  "fontFamily": "Roboto",
                },
                Object {
                  "fontSize": 14,
                  "lineHeight": 20,
                },
                Object {
                  "textAlign": "left",
                },
              ]
            }
          >
            $123
          </Text>
        </View>
      </View>
      <View
        onPress={[Function]}
        style={
          Array [
            Array [
              Object {
                "paddingVertical": 8,
              },
              Object {
                "marginHorizontal": 12,
              },
              Object {
                "borderBottomWidth": 5,
              },
            ],
            undefined,
            Object {
              "borderColor": "transparent",
            },
          ]
        }
      >
        <Text
          style={
            Array [
              Object {
                "color": "#b9bbc0",
              },
              Object {
                "fontFamily": "Roboto-Medium",
              },
              Object {
                "fontSize": 16,
                "lineHeight": 24,
              },
              Object {
                "textAlign": "left",
              },
            ]
          }
        >
          Ether
        </Text>
        <View
          style={
            Object {
              "marginVertical": 1,
            }
          }
        >
          <Text
            style={
              Array [
                Object {
                  "color": "#F2F2F2",
                },
                Object {
                  "fontFamily": "Roboto",
                },
                Object {
                  "fontSize": 14,
                  "lineHeight": 20,
                },
                Object {
                  "textAlign": "left",
                },
              ]
            }
          >
            133
          </Text>
        </View>
      </View>
      <View
        onPress={[Function]}
        style={
          Array [
            Array [
              Object {
                "paddingVertical": 8,
              },
              Object {
                "marginHorizontal": 12,
              },
              Object {
                "borderBottomWidth": 5,
              },
            ],
            undefined,
            Object {
              "borderColor": "transparent",
            },
          ]
        }
      >
        <Text
          style={
            Array [
              Object {
                "color": "#b9bbc0",
              },
              Object {
                "fontFamily": "Roboto-Medium",
              },
              Object {
                "fontSize": 16,
                "lineHeight": 24,
              },
              Object {
                "textAlign": "left",
              },
            ]
          }
        >
          Bitcoin
        </Text>
        <View
          style={
            Object {
              "marginVertical": 1,
            }
          }
        >
          <Text
            style={
              Array [
                Object {
                  "color": "#F2F2F2",
                },
                Object {
                  "fontFamily": "Roboto",
                },
                Object {
                  "fontSize": 14,
                  "lineHeight": 20,
                },
                Object {
                  "textAlign": "left",
                },
              ]
            }
          >
            153
          </Text>
        </View>
      </View>
    </View>
  </RCTScrollView>
</View>
`;
