// Jest Snapshot v1, https://goo.gl/fbAQLP

exports[`renders correctly 1`] = `
<View
  onPress={[Function]}
  style={
    Object {
      "flex": 1,
      "marginLeft": 8,
    }
  }
>
  <View
    style={
      Object {
        "flexDirection": "row",
        "flexWrap": "wrap",
      }
    }
  >
    <Text
      onPress={[Function]}
    >
      <Text
        onPress={[Function]}
        style={
          Object {
            "fontWeight": "bold",
          }
        }
      >
        @
        someUser
      </Text>
       
      declined your bid of
       
      <Text
        style={
          Object {
            "fontWeight": "bold",
          }
        }
      >
        0
         
        Tokens
      </Text>
       
      <Text>
        for
         
        <Text
          style={
            Object {
              "fontWeight": "600",
            }
          }
        >
          some title
        </Text>
      </Text>
       
      You have not been charged
    </Text>
  </View>
  <Text
    style={
      Array [
        Object {
          "fontSize": 11,
        },
        undefined,
      ]
    }
  >
    Invalid date
  </Text>
</View>
`;
