// Jest Snapshot v1, https://goo.gl/fbAQLP

exports[`renders correctly 1`] = `
<View
  style={
    Object {
      "flexDirection": "row",
      "flexWrap": "wrap",
    }
  }
>
  <Text
    onPress={[Function]}
  >
    You've earned tokens for the completed referral of 
    <Text
      style={
        Object {
          "fontWeight": "600",
        }
      }
    >
      someUser
    </Text>
    
  </Text>
</View>
`;
