// Jest Snapshot v1, https://goo.gl/fbAQLP

exports[`Comment action component renders correctly 1`] = `
<preventDoubleTap(PressableScale)
  onPress={[Function]}
  style={
    Array [
      Object {
        "flex": 1,
        "flexDirection": "column",
      },
      Object {
        "margin": 4,
      },
      Object {
        "paddingVertical": 12,
      },
      Object {
        "alignItems": "center",
      },
    ]
  }
>
  <View
    style={
      Array [
        Object {
          "alignItems": "center",
        },
        Object {
          "margin": 4,
        },
        Object {
          "flexDirection": "row",
          "justifyContent": "center",
        },
        Object {
          "alignItems": "center",
        },
        Object {
          "flexWrap": "wrap",
        },
      ]
    }
  >
    <Component
      name="chat-off"
      size="small"
    />
    <Component
      left="1x"
    />
  </View>
</preventDoubleTap(PressableScale)>
`;
