// Jest Snapshot v1, https://goo.gl/fbAQLP

exports[`Counter component renders correctly 1`] = `
<View
  style={
    [
      {
        "flexDirection": "row",
        "justifyContent": "center",
      },
      null,
    ]
  }
>
  <Text
    onLayout={[Function]}
    style={
      [
        [
          [
            {
              "color": "#AEB0B8",
            },
            {
              "fontSize": 14,
            },
            {
              "fontFamily": "Roboto_500Medium",
              "fontWeight": "500",
            },
          ],
          undefined,
        ],
        {
          "position": "absolute",
          "top": -999999,
        },
      ]
    }
  >
    0
  </Text>
</View>
`;
