// Jest Snapshot v1, https://goo.gl/fbAQLP

exports[`Thumb action component renders correctly 1`] = `
<preventDoubleTap(TouchableOpacity)
  onPress={[Function]}
  style={
    Array [
      Object {
        "flexDirection": "row",
        "justifyContent": "center",
      },
      Object {
        "paddingHorizontal": 15,
      },
      Object {
        "paddingVertical": 20,
      },
      Object {
        "alignItems": "center",
      },
    ]
  }
  testID="Thumb up activity button"
>
  <AnimatedThumb
    canVote={true}
    down={false}
    name="thumb-up"
    size={21}
    voted={false}
  />
</preventDoubleTap(TouchableOpacity)>
`;
