// Jest Snapshot v1, https://goo.gl/fbAQLP

exports[`blog card component should renders correctly 1`] = `
<View
  accessible={true}
  focusable={true}
  isTVSelectable={true}
  onClick={[Function]}
  onResponderGrant={[Function]}
  onResponderMove={[Function]}
  onResponderRelease={[Function]}
  onResponderTerminate={[Function]}
  onResponderTerminationRequest={[Function]}
  onStartShouldSetResponder={[Function]}
  style={
    Object {
      "backgroundColor": "white",
      "opacity": 1,
    }
  }
>
  <View
    style={
      Array [
        Object {
          "overflow": "hidden",
        },
        Object {
          "alignItems": "stretch",
          "flexDirection": "row",
          "height": 150,
          "width": "100%",
        },
      ]
    }
  >
    <FastImageView
      resizeMode="cover"
      source={
        Object {
          "headers": Object {
            "App-Version": "3.8.0",
            "Cache-Control": "no-cache, no-store, must-revalidate",
            "Pragma": "no-cache",
          },
          "uri": "https://www.minds.com/fs/v1/banners/836607056186159104/1524838665",
        }
      }
      style={
        Object {
          "bottom": 0,
          "left": 0,
          "position": "absolute",
          "right": 0,
          "top": 0,
        }
      }
    />
  </View>
  <View
    style={
      Array [
        Object {
          "padding": 10,
        },
      ]
    }
  >
    <View
      style={
        Array [
          Object {
            "alignItems": "flex-start",
            "flexDirection": "column",
          },
          Object {
            "width": "100%",
          },
        ]
      }
    >
      <Text
        style={
          Array [
            Object {
              "fontSize": 16,
            },
            Object {
              "fontWeight": "500",
            },
          ]
        }
      >
        Some Title
      </Text>
      <View
        style={
          Array [
            Object {
              "marginBottom": 10,
            },
            Object {
              "marginTop": 10,
            },
            Object {
              "flexDirection": "row",
              "justifyContent": "center",
            },
            Object {
              "alignItems": "center",
            },
          ]
        }
      >
        <View
          height={24}
          style={
            Object {
              "backgroundColor": "transparent",
              "borderRadius": 17,
              "height": 34,
              "width": 34,
            }
          }
          theme={
            Object {
              "colors": Object {
                "disabled": "hsl(208, 8%, 90%)",
                "divider": "#bcbbc1",
                "error": "#ff190c",
                "grey0": "#393e42",
                "grey1": "#43484d",
                "grey2": "#5e6977",
                "grey3": "#86939e",
                "grey4": "#bdc6cf",
                "grey5": "#e1e8ee",
                "greyOutline": "#bbb",
                "platform": Object {
                  "android": Object {
                    "error": "#f44336",
                    "primary": "#2196f3",
                    "secondary": "#9C27B0",
                    "success": "#4caf50",
                    "warning": "#ffeb3b",
                  },
                  "ios": Object {
                    "error": "#ff3b30",
                    "primary": "#007aff",
                    "secondary": "#5856d6",
                    "success": "#4cd964",
                    "warning": "#ffcc00",
                  },
                },
                "primary": "#2089dc",
                "searchBg": "#303337",
                "secondary": "#8F0CE8",
                "success": "#52c41a",
                "warning": "#faad14",
              },
            }
          }
          width={24}
        >
          <View
            accessibilityIgnoresInvertColors={true}
            style={
              Object {
                "backgroundColor": "#bdbdbd",
                "borderRadius": 17,
                "flex": 1,
                "overflow": "hidden",
                "position": "relative",
              }
            }
          >
            <Image
              onLoad={[Function]}
              style={
                Array [
                  Object {
                    "bottom": 0,
                    "left": 0,
                    "position": "absolute",
                    "right": 0,
                    "top": 0,
                  },
                  Object {
                    "height": null,
                    "width": null,
                  },
                ]
              }
              testID="RNE__Image"
              theme={
                Object {
                  "colors": Object {
                    "disabled": "hsl(208, 8%, 90%)",
                    "divider": "#bcbbc1",
                    "error": "#ff190c",
                    "grey0": "#393e42",
                    "grey1": "#43484d",
                    "grey2": "#5e6977",
                    "grey3": "#86939e",
                    "grey4": "#bdc6cf",
                    "grey5": "#e1e8ee",
                    "greyOutline": "#bbb",
                    "platform": Object {
                      "android": Object {
                        "error": "#f44336",
                        "primary": "#2196f3",
                        "secondary": "#9C27B0",
                        "success": "#4caf50",
                        "warning": "#ffeb3b",
                      },
                      "ios": Object {
                        "error": "#ff3b30",
                        "primary": "#007aff",
                        "secondary": "#5856d6",
                        "success": "#4cd964",
                        "warning": "#ffcc00",
                      },
                    },
                    "primary": "#2089dc",
                    "searchBg": "#303337",
                    "secondary": "#8F0CE8",
                    "success": "#52c41a",
                    "warning": "#faad14",
                  },
                }
              }
            />
            <View
              accessibilityElementsHidden={false}
              importantForAccessibility="yes"
              pointerEvents="auto"
              style={
                Object {
                  "bottom": 0,
                  "left": 0,
                  "opacity": 1,
                  "position": "absolute",
                  "right": 0,
                  "top": 0,
                }
              }
            >
              <View
                style={
                  Object {
                    "alignItems": "center",
                    "backgroundColor": "transparent",
                    "flex": 1,
                    "height": null,
                    "justifyContent": "center",
                    "width": null,
                  }
                }
                testID="RNE__Image__placeholder"
              />
            </View>
            <View
              style={
                Object {
                  "flex": 1,
                  "height": null,
                  "width": null,
                }
              }
            />
          </View>
        </View>
        <Text
          numberOfLines={1}
          style={
            Array [
              Object {
                "fontSize": 12,
              },
              Object {
                "paddingLeft": 5,
              },
              Object {
                "flex": 1,
              },
            ]
          }
        >
          SOMEUSERMANE
        </Text>
        <Text
          style={
            Array [
              Object {
                "fontSize": 10,
              },
              Object {
                "paddingLeft": 5,
              },
            ]
          }
        >
          Apr 27, 2018, 07:17
        </Text>
      </View>
    </View>
  </View>
  <Actions
    entity={
      BlogModel {
        "__list": null,
        "access_id": "2",
        "allow_comments": true,
        "boost_rejection_reason": -1,
        "categories": Array [],
        "category": "education",
        "container_guid": "100",
        "custom_meta": Object {
          "author": "",
          "description": "",
          "title": "",
        },
        "description": "Some Blog",
        "draft_access_id": "0",
        "excerpt": "Some description",
        "featured": false,
        "featured_id": false,
        "guid": 1,
        "header_bg": "1",
        "header_top": "0",
        "impressions": 100,
        "isOwner": [Function],
        "last_save": "1524843907",
        "last_updated": "1524838665",
        "license": "attribution-noncommercial-cc",
        "mature": false,
        "monetized": false,
        "ownerObj": UserModel {
          "__list": null,
          "access_id": "2",
          "allow_comments": true,
          "banned": "no",
          "blocked": false,
          "boostProPlus": false,
          "boost_autorotate": true,
          "boost_rating": "2",
          "briefdescription": "",
          "categories": Array [
            "music",
            "nature",
            "news",
            "politics",
            "science",
            "technology",
            "education",
            "art",
            "health",
          ],
          "chat": true,
          "city": "",
          "container_guid": "0",
          "deleted": "0",
          "disabled_boost": false,
          "dob": "",
          "email_confirmed": false,
          "eth_wallet": "0x6fffffdadae350ddd5a1777d5a1777a4f39f0317",
          "fb": false,
          "feature_flags": false,
          "featured_id": "725165605782560768",
          "founder": false,
          "gender": "private",
          "getAvatarSource": [MockFunction] {
            "calls": Array [
              Array [],
            ],
            "results": Array [
              Object {
                "type": "return",
                "value": undefined,
              },
            ],
          },
          "guid": 100,
          "icontime": "1523515420",
          "impressions": 100,
          "isOwner": [Function],
          "language": "en",
          "legacy_guid": false,
          "mature": "1",
          "mature_channel": "0",
          "mature_visibility": false,
          "merchant": Object {
            "exclusive": Object {
              "amount": "10",
              "enabled": true,
            },
            "id": "acct_Dsdfjdlsaf34243",
            "service": "stripe",
          },
          "mode": 0,
          "monetized": "",
          "name": "Some User",
          "owner_guid": "0",
          "pending_subscribe": false,
          "permissions": Object {},
          "pinned_posts": Array [],
          "plus": true,
          "programs": Array [
            "affiliate",
          ],
          "rating": "1",
          "rewards": true,
          "signup_method": false,
          "site_guid": false,
          "social_profiles": Array [],
          "spam": "0",
          "subscribed": false,
          "subscriber": true,
          "subscribers_count": 50,
          "subtype": false,
          "time_created": "1468113204",
          "time_updated": false,
          "type": "user",
          "username": "someusermane",
          "verified": true,
          "website": "",
          "wire_rewards": Object {
            "description": "",
            "rewards": Object {
              "money": Array [],
              "points": Array [],
            },
          },
        },
        "owner_guid": "1",
        "paywall": false,
        "perma_url": "https://www.minds.com/blog/view/836607056186159104",
        "permissions": Object {},
        "published": true,
        "rating": 1,
        "reminds": 58,
        "route": "blog/view/836607056186159104",
        "slug": "",
        "subtype": "blog",
        "thumbnail_src": "https://www.minds.com/fs/v1/banners/836607056186159104/1524838665",
        "thumbs:down:count": 1,
        "thumbs:down:user_guids": Array [
          "3",
        ],
        "thumbs:up:count": 2,
        "thumbs:up:user_guids": Array [
          "1",
          "2",
        ],
        "time_created": "1524838665",
        "time_published": "1524838665",
        "time_updated": "1524862542",
        "title": "Some Title",
        "type": "object",
        "wire_threshold": "",
      }
    }
  />
</View>
`;
