// Jest Snapshot v1, https://goo.gl/fbAQLP

exports[`Owner component renders correctly 1`] = `
<View
  style={
    Object {
      "alignItems": "center",
      "display": "flex",
      "flexDirection": "row",
      "padding": 8,
    }
  }
>
  <PreventDoubleTap
    onPress={[Function]}
  >
    <FastImage
      resizeMode="cover"
      source={
        Object {
          "source": "http://thisisaurl",
        }
      }
      style={
        Object {
          "borderColor": "#EEE",
          "borderRadius": 23,
          "borderWidth": 0.5,
          "height": 46,
          "width": 46,
        }
      }
    />
  </PreventDoubleTap>
  <View
    style={
      Object {
        "flex": 1,
        "flexWrap": "wrap",
        "marginLeft": 8,
        "paddingRight": 36,
      }
    }
  >
    <View
      style={
        Object {
          "flexDirection": "row",
        }
      }
    >
      <PreventDoubleTap
        onPress={[Function]}
      >
        <Text
          style={
            Object {
              "color": "#444",
              "fontFamily": "Roboto",
              "fontWeight": "bold",
            }
          }
        />
      </PreventDoubleTap>
    </View>
  </View>
</View>
`;
