// Jest Snapshot v1, https://goo.gl/fbAQLP

exports[`LoginScreen component should renders correctly 1`] = `
<View>
  <RCTScrollView
    accessible={true}
    focusable={true}
    keyboardShouldPersistTaps={true}
    onClick={[Function]}
    onContentSizeChange={[Function]}
    onLayout={[Function]}
    onResponderGrant={[Function]}
    onResponderMove={[Function]}
    onResponderRelease={[Function]}
    onResponderTerminate={[Function]}
    onResponderTerminationRequest={[Function]}
    onStartShouldSetResponder={[Function]}
    scrollEnabled={false}
    style={
      Object {
        "flex": 1,
      }
    }
  >
    <View>
      <View
        style={
          Object {
            "alignItems": "stretch",
            "flex": 1,
            "flexDirection": "column",
            "justifyContent": "center",
          }
        }
      >
        <View
          style={
            Array [
              Object {
                "height": 190.57142857142858,
                "justifyContent": "flex-end",
                "width": "100%",
              },
              Object {
                "height": undefined,
              },
            ]
          }
        >
          <Image
            resizeMode="contain"
            source={
              Object {
                "testUri": "../../../src/assets/logos/logo-white.png",
              }
            }
            style={
              Array [
                Object {
                  "alignSelf": "center",
                  "height": 118.64775,
                  "width": "43%",
                },
                Object {
                  "opacity": undefined,
                  "transform": Array [
                    Object {
                      "translateY": undefined,
                    },
                  ],
                },
              ]
            }
          />
        </View>
        <Text
          style={
            Array [
              Object {
                "fontFamily": "Roboto",
                "fontSize": 26,
                "fontWeight": "500",
                "lineHeight": 44,
              },
              Object {
                "textAlign": "center",
              },
              Object {
                "color": "#FFFFFF",
              },
              Object {
                "paddingVertical": 74.11111111111111,
              },
            ]
          }
          testID="loginscreentext"
        >
          Login
        </Text>
        <View
          style={
            Object {
              "flex": 1,
            }
          }
        >
          <View
            style={
              Object {
                "backgroundColor": "#00000000",
                "elevation": 6,
                "overflow": "visible",
                "shadowColor": "#000",
                "shadowOffset": Object {
                  "height": 0,
                  "width": 0,
                },
                "shadowOpacity": 0.8,
                "shadowRadius": 20,
                "zIndex": 999,
              }
            }
          >
            <View
              style={
                Array [
                  Object {
                    "paddingLeft": 20,
                  },
                  Object {
                    "paddingTop": 10,
                  },
                  Object {
                    "backgroundColor": "#F6F7F7",
                  },
                  Object {
                    "borderTopWidth": 1,
                  },
                  null,
                  Object {
                    "borderColor": "#D3DBE3",
                  },
                  Object {
                    "backgroundColor": "rgba(0,0,0,0.25)",
                    "borderColor": "rgba(255,255,255,0.30)",
                  },
                ]
              }
            >
              <View
                style={
                  Object {
                    "paddingBottom": 10,
                    "paddingTop": 5,
                  }
                }
              >
                <View>
                  <View>
                    <Text
                      style={
                        Array [
                          Object {
                            "fontFamily": "Roboto",
                            "fontSize": 16,
                            "fontWeight": "400",
                            "marginBottom": 0,
                          },
                          Object {
                            "color": "#72727C",
                          },
                          Object {
                            "color": "#FFFFFF",
                          },
                        ]
                      }
                    >
                      Username
                    </Text>
                  </View>
                </View>
                <TextInput
                  allowFontScaling={true}
                  autoCapitalize="none"
                  autoCompleteType="username"
                  containerStyle={
                    Object {
                      "backgroundColor": "rgba(0,0,0,0.25)",
                      "borderColor": "rgba(255,255,255,0.30)",
                    }
                  }
                  labelStyle={
                    Object {
                      "color": "#FFFFFF",
                    }
                  }
                  onChangeText={[Function]}
                  placeholder=""
                  placeholderTextColor="#444"
                  rejectResponderTermination={true}
                  returnKeyType="done"
                  style={
                    Array [
                      Object {
                        "backgroundColor": "transparent",
                        "borderColor": "#D3DBE3",
                        "borderRadius": 2,
                        "borderWidth": 1,
                        "color": "#43434D",
                        "fontFamily": "Roboto",
                        "fontSize": 16,
                        "lineHeight": 21,
                      },
                      Array [
                        Object {
                          "borderWidth": 0,
                          "marginBottom": 7,
                          "paddingHorizontal": 0,
                          "paddingVertical": 8,
                        },
                        Object {
                          "paddingLeft": 0,
                        },
                        Object {
                          "fontSize": 18,
                        },
                        Object {
                          "color": "#FFFFFF",
                        },
                      ],
                    ]
                  }
                  testID="usernameInput"
                  textContentType="username"
                  underlineColorAndroid="transparent"
                  value=""
                />
              </View>
            </View>
            <View>
              <View
                style={
                  Array [
                    Object {
                      "paddingLeft": 20,
                    },
                    Object {
                      "paddingTop": 10,
                    },
                    Object {
                      "backgroundColor": "#F6F7F7",
                    },
                    Object {
                      "borderTopWidth": 1,
                    },
                    Object {
                      "borderBottomWidth": 1,
                    },
                    Object {
                      "borderColor": "#D3DBE3",
                    },
                    Object {
                      "backgroundColor": "rgba(0,0,0,0.25)",
                      "borderColor": "rgba(255,255,255,0.30)",
                    },
                  ]
                }
              >
                <View
                  style={
                    Object {
                      "paddingBottom": 10,
                      "paddingTop": 5,
                    }
                  }
                >
                  <View>
                    <View>
                      <Text
                        style={
                          Array [
                            Object {
                              "fontFamily": "Roboto",
                              "fontSize": 16,
                              "fontWeight": "400",
                              "marginBottom": 0,
                            },
                            Object {
                              "color": "#72727C",
                            },
                            Object {
                              "color": "#FFFFFF",
                            },
                          ]
                        }
                      >
                        Password
                      </Text>
                    </View>
                  </View>
                  <TextInput
                    allowFontScaling={true}
                    autoCapitalize="none"
                    autoCompleteType="password"
                    containerStyle={
                      Object {
                        "backgroundColor": "rgba(0,0,0,0.25)",
                        "borderColor": "rgba(255,255,255,0.30)",
                      }
                    }
                    labelStyle={
                      Object {
                        "color": "#FFFFFF",
                      }
                    }
                    onChangeText={[Function]}
                    placeholder=""
                    placeholderTextColor="#444"
                    rejectResponderTermination={true}
                    returnKeyType="done"
                    secureTextEntry={true}
                    style={
                      Array [
                        Object {
                          "backgroundColor": "transparent",
                          "borderColor": "#D3DBE3",
                          "borderRadius": 2,
                          "borderWidth": 1,
                          "color": "#43434D",
                          "fontFamily": "Roboto",
                          "fontSize": 16,
                          "lineHeight": 21,
                        },
                        Array [
                          Object {
                            "borderWidth": 0,
                            "marginBottom": 7,
                            "paddingHorizontal": 0,
                            "paddingVertical": 8,
                          },
                          Object {
                            "paddingLeft": 0,
                          },
                          Object {
                            "fontSize": 18,
                          },
                          Object {
                            "color": "#FFFFFF",
                          },
                        ],
                      ]
                    }
                    testID="userPasswordInput"
                    textContentType="password"
                    underlineColorAndroid="transparent"
                    value=""
                  />
                </View>
              </View>
              <Text
                allowFontScaling={false}
                onPress={[Function]}
                style={
                  Array [
                    Object {
                      "color": undefined,
                      "fontSize": 25,
                    },
                    Array [
                      Object {
                        "color": "#43434D",
                        "position": "absolute",
                        "right": 8,
                        "top": 36,
                      },
                      Object {
                        "top": 30,
                      },
                    ],
                    Object {
                      "fontFamily": "Ionicons",
                      "fontStyle": "normal",
                      "fontWeight": "normal",
                    },
                    Object {},
                  ]
                }
              >
                
              </Text>
            </View>
          </View>
          <View
            style={
              Array [
                Object {
                  "margin": 30,
                },
                Object {
                  "flex": 1,
                },
              ]
            }
          >
            <View
              accessibilityLabel="loginButton"
              disabled={false}
              onPress={[Function]}
              style={
                Array [
                  Object {
                    "flexDirection": "row",
                    "justifyContent": "center",
                  },
                  Object {
                    "alignContent": "center",
                    "alignItems": "center",
                    "alignSelf": "center",
                    "justifyContent": "center",
                  },
                  Object {
                    "backgroundColor": "rgba(0,0,0,0.40)",
                    "borderColor": "rgba(255,255,255,0.60)",
                    "borderRadius": 21,
                    "borderWidth": 1,
                    "paddingHorizontal": 23,
                    "paddingVertical": 10,
                  },
                  Array [
                    Object {
                      "marginTop": 24.254545454545454,
                    },
                    Object {
                      "width": "100%",
                    },
                  ],
                ]
              }
              text="Login"
            >
              <Text
                style={
                  Array [
                    Object {
                      "fontSize": 19,
                    },
                    Object {
                      "color": "#FFFFFF",
                    },
                    undefined,
                    Object {
                      "fontWeight": "500",
                    },
                  ]
                }
              >
                 
                Login
                 
              </Text>
            </View>
            <View
              style={
                Object {
                  "marginTop": 20,
                }
              }
            >
              <Text
                onPress={[Function]}
                style={
                  Array [
                    Object {
                      "color": "#FFFFFF",
                    },
                    Object {
                      "fontSize": 16,
                    },
                    Object {
                      "textAlign": "center",
                    },
                  ]
                }
              >
                Forgot your password?
              </Text>
            </View>
            <View
              style={
                Object {
                  "flex": 1,
                }
              }
            />
            <View
              disabled={false}
              onPress={[Function]}
              style={
                Array [
                  Object {
                    "flexDirection": "row",
                    "justifyContent": "center",
                  },
                  Object {
                    "alignContent": "center",
                    "alignItems": "center",
                    "alignSelf": "center",
                    "justifyContent": "center",
                  },
                  Object {
                    "backgroundColor": "rgba(0,0,0,0.40)",
                    "borderColor": "rgba(255,255,255,0.60)",
                    "borderRadius": 21,
                    "borderWidth": 1,
                    "paddingHorizontal": 23,
                    "paddingVertical": 10,
                  },
                  Array [
                    Object {
                      "width": "100%",
                    },
                    Object {
                      "marginTop": 30,
                    },
                  ],
                ]
              }
              testID="registerButton"
              text="Join Minds"
            >
              <Text
                style={
                  Array [
                    Object {
                      "fontSize": 19,
                    },
                    Object {
                      "color": "#FFFFFF",
                    },
                    undefined,
                    Object {
                      "fontWeight": "500",
                    },
                  ]
                }
              >
                 
                Join Minds
                 
              </Text>
            </View>
          </View>
        </View>
      </View>
    </View>
  </RCTScrollView>
</View>
`;
