// Jest Snapshot v1, https://goo.gl/fbAQLP

exports[`RegisterScreenNew component should renders correctly 1`] = `
<View
  style={
    Object {
      "flex": 1,
      "opacity": 0,
      "transform": Array [
        Object {
          "scale": 0.3,
        },
      ],
    }
  }
>
  <View
    style={
      Object {
        "flex": 1,
      }
    }
  >
    <RegisterFormNew
      onBack={[Function]}
      onRegister={[Function]}
    />
  </View>
</View>
`;
