// Jest Snapshot v1, https://goo.gl/fbAQLP

exports[`Explicit overlay component renders correctly 1`] = `
<View
  pointerEvents="box-none"
  style={
    Array [
      Object {
        "alignContent": "center",
        "alignItems": "center",
        "alignSelf": "center",
        "justifyContent": "center",
      },
      Object {
        "backgroundColor": "#F6F7F7",
      },
      Object {
        "minHeight": 400,
      },
      undefined,
    ]
  }
>
  <Icon
    allowFontScaling={false}
    name="lock"
    onPress={[Function]}
    size={55}
    style={
      Object {
        "color": "#72727C",
      }
    }
  />
  <MText
    style={
      Array [
        Object {
          "color": "#43434D",
        },
        Object {
          "paddingTop": 24,
        },
        Object {
          "fontSize": 22,
        },
        Object {
          "fontFamily": "Roboto-Black",
          "fontWeight": "700",
        },
      ]
    }
  >
    NSFW
  </MText>
  <MText
    style={
      Array [
        Object {
          "color": "#9B9B9B",
        },
        Object {
          "paddingVertical": 8,
        },
        Object {
          "marginBottom": 24,
        },
        Object {
          "fontSize": 18,
        },
      ]
    }
  />
  <TouchableOpacity
    onPress={[Function]}
    style={
      Array [
        Object {
          "borderColor": "#D3DBE3",
        },
        Object {
          "borderWidth": 0.5,
        },
        Object {
          "backgroundColor": "#FFFFFF",
        },
        Object {
          "margin": 16,
        },
      ]
    }
  >
    <MText
      style={
        Array [
          Object {
            "padding": 8,
          },
          Object {
            "fontSize": 16,
          },
          undefined,
        ]
      }
    >
      Can't be shown on apps installed via the Store
    </MText>
  </TouchableOpacity>
</View>
`;

exports[`Explicit overlay component should renders the etag 1`] = `
<View
  pointerEvents="box-none"
  style={
    Array [
      Object {
        "alignContent": "center",
        "alignItems": "center",
        "alignSelf": "center",
        "justifyContent": "center",
      },
      Object {
        "backgroundColor": "#F6F7F7",
      },
      Object {
        "minHeight": 400,
      },
      undefined,
    ]
  }
>
  <Icon
    allowFontScaling={false}
    name="lock"
    onPress={[Function]}
    size={55}
    style={
      Object {
        "color": "#72727C",
      }
    }
  />
  <MText
    style={
      Array [
        Object {
          "color": "#43434D",
        },
        Object {
          "paddingTop": 24,
        },
        Object {
          "fontSize": 22,
        },
        Object {
          "fontFamily": "Roboto-Black",
          "fontWeight": "700",
        },
      ]
    }
  >
    NSFW
  </MText>
  <MText
    style={
      Array [
        Object {
          "color": "#9B9B9B",
        },
        Object {
          "paddingVertical": 8,
        },
        Object {
          "marginBottom": 24,
        },
        Object {
          "fontSize": 18,
        },
      ]
    }
  />
  <TouchableOpacity
    onPress={[Function]}
    style={
      Array [
        Object {
          "borderColor": "#D3DBE3",
        },
        Object {
          "borderWidth": 0.5,
        },
        Object {
          "backgroundColor": "#FFFFFF",
        },
        Object {
          "margin": 16,
        },
      ]
    }
  >
    <MText
      style={
        Array [
          Object {
            "padding": 8,
          },
          Object {
            "fontSize": 16,
          },
          undefined,
        ]
      }
    >
      Can't be shown on apps installed via the Store
    </MText>
  </TouchableOpacity>
</View>
`;
