// Jest Snapshot v1, https://goo.gl/fbAQLP

exports[`Explicit text component renders correctly 1`] = `
<View
  style={
    Array [
      Object {
        "flex": 1,
      },
      null,
    ]
  }
>
  <Tags
    style={
      Array [
        undefined,
        undefined,
        null,
      ]
    }
  >
    TITLE
  </Tags>
</View>
`;
