// Jest Snapshot v1, https://goo.gl/fbAQLP

exports[`Media view component renders correctly 1`] = `
<View>
  <MediaViewImage
    entity={
      {
        "attachment_guid": false,
        "blurb": false,
        "containerObj": undefined,
        "container_guid": "activityguid0",
        "custom_data": [
          {
            "height": 50,
            "width": 20,
          },
        ],
        "custom_type": false,
        "description": "Congratulations! ",
        "edited": "",
        "getThumbSource": [MockFunction],
        "guid": "activityguid0",
        "hasThumbnails": [MockFunction],
        "isGif": [MockFunction],
        "mature": false,
        "message": "Message",
        "ownerObj": {
          "guid": "824853017709780997",
          "subtype": false,
          "time_created": "1522036284",
          "type": "user",
        },
        "owner_guid": "824853017709780997",
        "parent_guid": "838106762591510528",
        "perma_url": false,
        "rowKey": "something0",
        "subtype": "image",
        "thumbnail_src": false,
        "time_created": "1522036284",
        "title": "TITLE",
        "type": "activity",
        "wire_totals": {
          "tokens": 1000000000000000000,
        },
      }
    }
    onImageDoublePress={[Function]}
    onImageLongPress={[Function]}
    onImagePress={[Function]}
  />
</View>
`;
