// Jest Snapshot v1, https://goo.gl/fbAQLP

exports[`AnalyticsScreen component should render correctly 1`] = `
<Screen
  safe={true}
>
  <ScreenHeader
    back={true}
    title="Analytics"
  />
  <TopbarTabbar
    current="traffic"
    onChange={[Function]}
    tabs={
      [
        {
          "id": "traffic",
          "key": "traffic",
          "title": "Traffic",
        },
        {
          "id": "engagement",
          "key": "engagement",
          "title": "Engagement",
        },
        {
          "id": "earnings",
          "key": "earnings",
          "title": "Earnings",
        },
        {
          "id": "trending",
          "key": "trending",
          "title": "Trending",
        },
      ]
    }
  />
  <View
    style={
      {
        "alignContent": "center",
        "alignItems": "center",
        "alignSelf": "center",
        "justifyContent": "center",
      }
    }
  >
    <Memo(wrappedComponent)
      defaultMetric="page_views"
      key="traffic"
      url="api/v2/analytics/dashboards/traffic"
    />
  </View>
  <OnboardingOverlay
    type="analytics"
  />
</Screen>
`;
