// Jest Snapshot v1, https://goo.gl/fbAQLP

exports[`AnalyticsScreen component should render correctly 1`] = `
<Screen
  safe={true}
>
  <ScreenHeader
    title="Analytics"
  />
  <TopbarTabbar
    current="token"
    onChange={[Function]}
    tabs={
      Array [
        Object {
          "id": "traffic",
          "key": "traffic",
          "title": "Traffic",
        },
        Object {
          "id": "token",
          "key": "token",
          "title": "Tokens",
        },
        Object {
          "id": "engagement",
          "key": "engagement",
          "title": "Engagement",
        },
        Object {
          "id": "earnings",
          "key": "earnings",
          "title": "Earnings",
        },
        Object {
          "id": "trending",
          "key": "trending",
          "title": "Trending",
        },
      ]
    }
  />
  <View
    style={
      Object {
        "alignContent": "center",
        "alignItems": "center",
        "alignSelf": "center",
        "justifyContent": "center",
      }
    }
  >
    <Memo(wrappedComponent)
      key="token"
    />
  </View>
</Screen>
`;
